gcc -g p1original.c
 gdb a.out
GNU gdb (Ubuntu 8.1.1-0ubuntu1) 8.1.1
Copyright (C) 2018 Free Software Foundation, Inc.
License GPLv3+: GNU GPL version 3 or later <http://gnu.org/licenses/gpl.html>
This is free software: you are free to change and redistribute it.
There is NO WARRANTY, to the extent permitted by law.  Type "show copying"
and "show warranty" for details.
This GDB was configured as "x86_64-linux-gnu".
Type "show configuration" for configuration details.
For bug reporting instructions, please see:
<http://www.gnu.org/software/gdb/bugs/>.
Find the GDB manual and other documentation resources online at:
<http://www.gnu.org/software/gdb/documentation/>.
For help, type "help".
Type "apropos word" to search for commands related to "word"...
Reading symbols from a.out...done.
(gdb) b main
Breakpoint 1 at 0x83a: file p1original.c, line 21.
(gdb) r
Starting program: /home/runner/ppa-IA2-practice2-5/a.out 
warning: Error disabling address space randomization: Operation not permitted

Breakpoint 1, main () at p1original.c:21
21  {
(gdb) n
23    input(&base,&height);
(gdb) s
input (base=0x7ffd5cc00c3c, height=0x7ffd5cc00c40)
    at p1original.c:4
4     printf("enter the base\n");
(gdb) n
enter the base
5     scanf("%f",base);
(gdb) n
8
6     printf("enter the height\n");
(gdb) n
enter the height
7     scanf("%f",height);
(gdb) n
4
8     return;
(gdb) n
9   }
(gdb) n
main () at p1original.c:24
24    find_area(base,height,&area);
(gdb) s
find_area (base=8, height=4, area=0x7ffd5cc00c44)
    at p1original.c:12
12    *area=(base*height)/2;
(gdb) n
13    return;
(gdb) n
14  }
(gdb) n
main () at p1original.c:25
25    output(base,height,area);
(gdb) s
output (base=8, height=4, area=16) at p1original.c:17
17    printf("%f %f is %f\n",base,height,area);
(gdb) n
8.000000 4.000000 is 16.000000
18    return;
(gdb) n
19  }
(gdb) n
main () at p1original.c:26
26    return 0;
(gdb) q
A debugging session is active.

    Inferior 1 [process 553] will be killed.

Quit anyway? (y or n) y
 

