gcc -g p7original.c
îº§ gdb a.out
GNU gdb (Ubuntu 8.1.1-0ubuntu1) 8.1.1
Copyright (C) 2018 Free Software Foundation, Inc.
License GPLv3+: GNU GPL version 3 or later <http://gnu.org/licenses/gpl.html>
This is free software: you are free to change and redistribute it.
There is NO WARRANTY, to the extent permitted by law.  Type "show copying"
and "show warranty" for details.
This GDB was configured as "x86_64-linux-gnu".
Type "show configuration" for configuration details.
For bug reporting instructions, please see:
<http://www.gnu.org/software/gdb/bugs/>.
Find the GDB manual and other documentation resources online at:
<http://www.gnu.org/software/gdb/documentation/>.
For help, type "help".
Type "apropos word" to search for commands related to "word"...
Reading symbols from a.out...done.
(gdb) b main
Breakpoint 1 at 0x86b: file p7original.c, line 23.
(gdb) r
Starting program: /home/runner/ppa-IA2-practice2-5/a.out 
warning: Error disabling address space randomization: Operation not permitted

Breakpoint 1, main () at p7original.c:23
23  {
(gdb) n
25    t=input_triangle();
(gdb) s
input_triangle () at p7original.c:8
8   {
(gdb) n
10    printf("enter the base,altitude\n");
(gdb) n
enter the base,altitude
11    scanf("%f%f",&t.base,&t.altitude);
(gdb) n
6
8
12    return t;
(gdb) n
13  }
(gdb) n
main () at p7original.c:26
26    find_area(&t);
(gdb) s
find_area (t=0x7fffc2dbacac) at p7original.c:16
16    t->area=0.5 * (t->base*t->altitude);
(gdb) n
17  }
(gdb) n
main () at p7original.c:27
27    output(t);
(gdb) s
output (t=...) at p7original.c:20
20    printf("the area of the triangle with the base:%f and altitude:%f is %f\n",t.base,t.altitude,t.area);
(gdb) n
the area of the triangle with the base:6.000000 and altitude:8.000000 is 24.000000
21  }
(gdb) n
main () at p7original.c:28
28    return 0;
(gdb) q
A debugging session is active.

    Inferior 1 [process 321] will be killed.

Quit anyway? (y or n) y
