 gcc -g p8original.c
îº§ gdb a.out
GNU gdb (Ubuntu 8.1.1-0ubuntu1) 8.1.1
Copyright (C) 2018 Free Software Foundation, Inc.
License GPLv3+: GNU GPL version 3 or later <http://gnu.org/licenses/gpl.html>
This is free software: you are free to change and redistribute it.
There is NO WARRANTY, to the extent permitted by law.  Type "show copying"
and "show warranty" for details.
This GDB was configured as "x86_64-linux-gnu".
Type "show configuration" for configuration details.
For bug reporting instructions, please see:
<http://www.gnu.org/software/gdb/bugs/>.
Find the GDB manual and other documentation resources online at:
<http://www.gnu.org/software/gdb/documentation/>.
For help, type "help".
Type "apropos word" to search for commands related to "word"...
Reading symbols from a.out...done.
(gdb) b main
Breakpoint 1 at 0xaf9: file p8original.c, line 62.
(gdb) r
Starting program: /home/runner/ppa-IA2-practice2-5/a.out 
warning: Error disabling address space randomization: Operation not permitted
n
Breakpoint 1, main () at p8original.c:62
62  {
(gdb) n
63    int count=input_n();
(gdb) s
input_n () at p8original.c:8
8   {
(gdb) n
10    printf("Enter the number of triangles:\n");
(gdb) n
Enter the number of triangles:
11    scanf("%d",&n);
(gdb) n
3
12    return n;
(gdb) n
13  }
(gdb) n
main () at p8original.c:64
64    Triangle tris[count];
(gdb) s
65    input_n_triangles(count, tris);
(gdb) n
Enter the base,altitude of a triangle:
46
12
Enter the base,altitude of a triangle:
7
3
Enter the base,altitude of a triangle:
8
1
66    find_areas(count, tris);
(gdb) n
67    Triangle small = find_smallest_triangle(count, tris);
(gdb) n
68    output(count,tris, small);
(gdb) n
46.000000, 12.000000 and
7.000000, 3.000000 and
The smallest triangle is 8.000000,1.000000
is
triangle with base=8.000000 and altitude=1.000000 having area=4.000000
69    return 0;
(gdb) q
A debugging session is active.

    Inferior 1 [process 109] will be killed.

Quit anyway? (y or n) y
